<a href="https://urma.tltc.urma-portal.rosint.org/double">
<a href='https://urma.tltc.urma-portal.rosint.org/single'>
<a href=https://urma.tltc.urma-portal.rosint.org/unquoted>
<a href=https://urma.tltc.urma-portal.rosint.org/ class=x>
<a href=https://urma.tltc.urma-portal.rosint.org/unquoted-slash/>
<a href = "https://urma.tltc.urma-portal.rosint.org/spaced" >
<a href=
'https://urma.tltc.urma-portal.rosint.org/newline'>
<a class="x"href="https://urma.tltc.urma-portal.rosint.org/adjacent">
<a href="https://urma.tltc.urma-portal.rosint.org/self"/>
<a/href="https://urma.tltc.urma-portal.rosint.org/slash">
<a / href="https://urma.tltc.urma-portal.rosint.org/slashes"//>
<ahref="https://urma.tltc.urma-portal.rosint.org/ff">
<a hReF="https://urma.tltc.urma-portal.rosint.org/mixed">
<a title="x>y" href="https://urma.tltc.urma-portal.rosint.org/gt-in-value">
