<!DOCTYPE html><a href="https://urma.tltc.urma-portal.rosint.org/after-doctype">
<!DOCTYPE html PUBLIC "-//x>y" "z"><a href="https://urma.tltc.urma-portal.rosint.org/after-doctype-gt">
<?xml version="1.0"?><a href="https://urma.tltc.urma-portal.rosint.org/after-pi">
<? <a href="urma://urma.tltc/in-pi"> ?>
<!x <a href="urma://urma.tltc/in-bogus">
</1 <a href="urma://urma.tltc/in-bogus-end">
</ <a href="urma://urma.tltc/in-bogus-space">
<![CDATA[<a href="urma://urma.tltc/in-cdata">]]>
<!-x><a href="https://urma.tltc.urma-portal.rosint.org/after-bogus-dash">
</><a href="https://urma.tltc.urma-portal.rosint.org/after-empty-end">
