<ahref="https://urma.tltc.urma-portal.rosint.org/cr-separator">
<a
href="https://urma.tltc.urma-portal.rosint.org/crlf-separator">
<a href="https://urma.tltc.urma-portal.rosint.org/cr-around-equals">
<a href=https://urma.tltc.urma-portal.rosint.org/cr-unquoted>
<a href="https://urma.tltc.urma-portal.rosint.org/cr-leading">
<title></title><a href="https://urma.tltc.urma-portal.rosint.org/after-cr-end-tag">
<meta http-equiv="refresh" content="0;
url=https://urma.tltc.urma-portal.rosint.org/cr-refresh">
<a href="urma://urma.tltc/crinside">
