<!-- <a href="urma://urma.tltc/in-comment"> -->
<a href="https://urma.tltc.urma-portal.rosint.org/after-comment">
<!--><a href="https://urma.tltc.urma-portal.rosint.org/after-abrupt">
<!---><a href="https://urma.tltc.urma-portal.rosint.org/after-abrupt-dash">
<!----><a href="https://urma.tltc.urma-portal.rosint.org/after-empty">
<!-- --!><a href="https://urma.tltc.urma-portal.rosint.org/after-bang-close">
<!-- ---><a href="https://urma.tltc.urma-portal.rosint.org/after-triple-dash">
<!-- <!-- nested --><a href="https://urma.tltc.urma-portal.rosint.org/after-nested">
<!-- -- ><a href="urma://urma.tltc/in-spaced-close"> -->
<!-- --!-><a href="urma://urma.tltc/in-bang-dash"> -->
<!-- a > <a href="urma://urma.tltc/in-gt"> -->
<!--!><a href="urma://urma.tltc/in-bang-start"> -->
