<a href="http://urma.tltc.localhost:8080/how.html">
<A HREF='http://helloworld.tltc.localhost:8080/'>
<meta http-equiv="refresh" content="0;URL='http://urma.tltc.localhost:8080/how.html'">
<form action="http://localhost:8080/unavailable?u=urma%3A%2F%2Fe5ef78d5fe042c2b7c646d9ab03256a4c0d479a8032adca1e88425f99e4fef1a.tltc%2Fx">
