<meta http-equiv="refresh" content="5">
<meta http-equiv="refresh" content="0;">
<meta http-equiv="refresh" content="0; ">
<meta http-equiv="refresh" content="x; url=urma://urma.tltc/">
<meta http-equiv="refresh" content="; url=urma://urma.tltc/">
<meta http-equiv="refresh" content="0x; url=urma://urma.tltc/">
<meta http-equiv="refresh" content="-1; url=urma://urma.tltc/">
<meta http-equiv="refresh" content="0;;url=urma://urma.tltc/">
<meta http-equiv="refresh" content="0; urlurma://urma.tltc/">
<meta http-equiv="refresh" content="0; url=urma&#58;//urma.tltc/">
<meta http-equiv="refresh" content="0; url=URMA://urma.tltc/">
<meta http-equiv="refresh" content="0; url=urma://urma.tltc/a b">
<meta http-equiv="refresh " content="0; url=urma://urma.tltc/">
<meta http-equiv="&#114;efresh" content="0; url=urma://urma.tltc/">
<meta name="refresh" content="0; url=urma://urma.tltc/">
<meta http-equiv="content-type" content="0; url=urma://urma.tltc/">
<meta content="0; url=urma://urma.tltc/">
<meta http-equiv="refresh">
<metas http-equiv="refresh" content="0; url=urma://urma.tltc/">
