<meta http-equiv="refresh" content="0;url=https://urma.tltc.urma-portal.rosint.org/a">
<meta http-equiv="refresh" content="0; URL=https://urma.tltc.urma-portal.rosint.org/b">
<meta http-equiv="refresh" content="0 ; url = https://urma.tltc.urma-portal.rosint.org/c">
<meta http-equiv="refresh" content="0,url=https://urma.tltc.urma-portal.rosint.org/d">
<meta http-equiv="refresh" content="  5  https://urma.tltc.urma-portal.rosint.org/e">
<meta http-equiv="refresh" content="0;https://urma.tltc.urma-portal.rosint.org/f">
<meta http-equiv="refresh" content=".5; url=https://urma.tltc.urma-portal.rosint.org/g">
<meta http-equiv="refresh" content="1.5.2; url=https://urma.tltc.urma-portal.rosint.org/h">
<meta http-equiv="refresh" content="0; url='https://urma.tltc.urma-portal.rosint.org/i'">
<meta http-equiv="refresh" content='0; url="https://urma.tltc.urma-portal.rosint.org/j" trailing'>
<meta http-equiv="refresh" content="0; url='https://urma.tltc.urma-portal.rosint.org/k">
<meta http-equiv="refresh" content="0; 'https://urma.tltc.urma-portal.rosint.org/l'">
<meta http-equiv=REFRESH content=0;url=https://urma.tltc.urma-portal.rosint.org/m>
<meta content="0; url=https://urma.tltc.urma-portal.rosint.org/n" http-equiv="refresh">
<META HTTP-EQUIV="REFRESH" CONTENT="0; URL=https://urma.tltc.urma-portal.rosint.org/o">
<meta http-equiv="refresh" content="0;	url=	https://urma.tltc.urma-portal.rosint.org/p">
<meta http-equiv="refresh" content="0; url ='https://urma.tltc.urma-portal.rosint.org/q'">
<meta http-equiv="refresh" content="0; url='https://urma.tltc.urma-portal.rosint.org/r'x'">
<meta http-equiv="refresh" content="0;url=https://urma.tltc.urma-portal.rosint.org/?s">
<meta http-equiv="refresh" content="0; url=https://urma-portal.rosint.org/unavailable?u=urma%3A%2F%2Fe5ef78d5fe042c2b7c646d9ab03256a4c0d479a8032adca1e88425f99e4fef1a.tltc%2Ft">
