<style>a::after{content:"<a href='urma://urma.tltc/in-style'>"}</style>
<xmp><a href="urma://urma.tltc/in-xmp"></xmp>
<iframe><a href="urma://urma.tltc/in-iframe"></iframe>
<noembed><a href="urma://urma.tltc/in-noembed"></noembed>
<noframes><a href="urma://urma.tltc/in-noframes"></noframes>
<a href="https://urma.tltc.urma-portal.rosint.org/after-rawtext">
<noscript><a href="https://urma.tltc.urma-portal.rosint.org/in-noscript"></noscript>
<STYLE><a href="urma://urma.tltc/in-upper-style"></Style><a href="https://urma.tltc.urma-portal.rosint.org/after-upper-style">
