<title><a href="urma://urma.tltc/in-title"></title>
<a href="https://urma.tltc.urma-portal.rosint.org/after-title">
<textarea><a href="urma://urma.tltc/in-textarea"></TEXTAREA>
<a href="https://urma.tltc.urma-portal.rosint.org/after-textarea">
<title></titlex><a href="urma://urma.tltc/still-title"></title >
<a href="https://urma.tltc.urma-portal.rosint.org/after-spaced-end">
<title></title x="><a href='urma://urma.tltc/end-tag-attribute'>">
<a href="https://urma.tltc.urma-portal.rosint.org/after-end-tag-attribute">
<title/><a href="urma://urma.tltc/self-closing-title"></title>
<textarea></text><a href="urma://urma.tltc/partial-name"></textarea
>
<a href="https://urma.tltc.urma-portal.rosint.org/after-newline-end">
