<script>document.write('<a href="urma://urma.tltc/in-script">')</script>
<a href="https://urma.tltc.urma-portal.rosint.org/after-script">
<script type="module">let x = "</scrip"; let y = '<a href="urma://urma.tltc/still-script">'</script >
<a href="https://urma.tltc.urma-portal.rosint.org/after-spaced-end">
<script/>'<a href="urma://urma.tltc/self-closing-script">'</script>
<svg><script>'<a href="urma://urma.tltc/svg-script">'</script></svg>
<SCRIPT>'<a href="urma://urma.tltc/upper">'</ScRiPt><a href="https://urma.tltc.urma-portal.rosint.org/after-upper">
<script></script x='><a href="urma://urma.tltc/end-tag-attribute">'>
<a href="https://urma.tltc.urma-portal.rosint.org/after-end-tag-attribute">
