<a href="https://helloworld.tltc.urma-portal.rosint.org/">
<a href="https://helloworld.tltc.urma-portal.rosint.org/">
<a href="https://helloworld.tltc.urma-portal.rosint.org/?x=1&y=2">
<a href="https://helloworld.tltc.urma-portal.rosint.org/#top">
<a href="https://helloworld.tltc.urma-portal.rosint.org/a/b.html?x=1#part">
<a href="https://helloworld.tltc.urma-portal.rosint.org//x">
<a href="https://a.tltc.urma-portal.rosint.org/">
<a href="https://x-1.tltc.urma-portal.rosint.org/">
<a href="https://a--b.tltc.urma-portal.rosint.org/">
<a href="https://zzzzzzzzzzzzzzzzzzzzzzzzzzzzzzzzzzzzzzzzzzzzzzzzzzzzzzzzzzzzzzz.tltc.urma-portal.rosint.org/">
