<area href="https://urma.tltc.urma-portal.rosint.org/area">
<form method="post" action=https://urma.tltc.urma-portal.rosint.org/?q=1>
<svg><a href="https://urma.tltc.urma-portal.rosint.org/svg"></a></svg>
<math><a href="https://urma.tltc.urma-portal.rosint.org/math"></a></math>
<link rel="next" href="urma://urma.tltc/">
<base href="urma://urma.tltc/">
<img src="urma://urma.tltc/i.png" srcset="urma://urma.tltc/j.png 2x">
<button formaction="urma://urma.tltc/">b</button>
<input type="submit" formaction="urma://urma.tltc/">
<a action="urma://urma.tltc/">
<form href="urma://urma.tltc/">
<abbr href="urma://urma.tltc/">
<a2 href="urma://urma.tltc/">
</a href="urma://urma.tltc/end-tag">
<p data-href="urma://urma.tltc/">urma://urma.tltc/ in text</p>
<iframe src="urma://urma.tltc/"></iframe>
<iframe srcdoc="<a href='urma://urma.tltc/'>"></iframe>
<object data="urma://urma.tltc/"></object>
