<a href='https://urma.tltc.urma-portal.rosint.org/say"hi"'>
<a href="https://urma.tltc.urma-portal.rosint.org/it's">
<a href="https://urma.tltc.urma-portal.rosint.org/a<b>c">
<a href="https://urma.tltc.urma-portal.rosint.org/{x}|[y]^`z`">
<a href="https://urma.tltc.urma-portal.rosint.org/100%zz%41">
<a href="https://urma.tltc.urma-portal.rosint.org/café?ÿ#€">
<a href=https://urma.tltc.urma-portal.rosint.org/"quoted">
<a href="https://urma.tltc.urma-portal.rosint.org/a?b=/c#d?e">
